// Jest Snapshot v1, https://goo.gl/fbAQLP

exports[`AppAboutModal 1`] = `
<AboutModal
  appendTo={null}
  backgroundImageSrc=""
  brandImageAlt="Logo"
  brandImageSrc="tackle.png"
  className=""
  isOpen={true}
  noAboutModalBoxContentContainer={false}
  onClose={[MockFunction]}
  productName="Tackle"
  trademark="COPYRIGHT Â© 2021."
>
  <TextContent>
    <Text
      component="p"
    >
      Tackle is a collection of tools that supports large-scale application modernization and migration projects to Kubernetes.
    </Text>
    <Text
      component="p"
    >
      Tackle allows users to maintain their portfolio of applications with a full set of metadata and to assess their suitability for modernization leveraging a questionnaire based approach.
    </Text>
    <Text
      component="p"
    >
      Tackle is a project within the
       
      <Text
        component="a"
        href="https://www.konveyor.io/"
        target="_blank"
      >
        Konveyor community
      </Text>
      .
    </Text>
    <Text
      component="p"
    >
      For more information please refer to
       
      <Text
        component="a"
        href="https://tackle-docs.konveyor.io/"
        target="_blank"
      >
        Tackle documentation
      </Text>
      .
    </Text>
  </TextContent>
</AboutModal>
`;
