// Jest Snapshot v1, https://goo.gl/fbAQLP

exports[`SelectJobFunction Renders without crashing 1`] = `
<Select
  aria-label=""
  aria-labelledby=""
  chipGroupComponent={null}
  className=""
  clearSelectionsAriaLabel="Clear all"
  createText="Create"
  customBadgeText={null}
  customContent={null}
  direction="down"
  favorites={Array []}
  favoritesLabel="Favorites"
  hasInlineFilter={false}
  inlineFilterPlaceholderText={null}
  inputIdPrefix=""
  isCreatable={false}
  isDisabled={false}
  isGrouped={false}
  isOpen={false}
  isPlain={false}
  maxHeight={200}
  menuAppendTo={[Function]}
  noResultsFoundText="No results found"
  onClear={[Function]}
  onCreateOption={[Function]}
  onFilter={null}
  onSelect={[Function]}
  onToggle={[Function]}
  onTypeaheadInputChanged={null}
  ouiaSafe={true}
  placeholderText="Select a job function"
  removeSelectionAriaLabel="Remove"
  selections={Array []}
  toggleAriaLabel="Options menu"
  toggleIcon={null}
  toggleId={null}
  typeAheadAriaLabel=""
  variant="typeahead"
  width=""
>
  <SelectOption
    className=""
    component="button"
    index={0}
    inputId=""
    isChecked={false}
    isDisabled={false}
    isFavorite={null}
    isNoResultsOption={false}
    isPlaceholder={false}
    isSelected={false}
    key="0"
    keyHandler={[Function]}
    onClick={[Function]}
    sendRef={[Function]}
    value={
      Object {
        "jobFunction": Object {
          "id": 1,
          "role": "Aa",
        },
        "toString": [Function],
      }
    }
  >
    Aa
  </SelectOption>
  <SelectOption
    className=""
    component="button"
    index={0}
    inputId=""
    isChecked={false}
    isDisabled={false}
    isFavorite={null}
    isNoResultsOption={false}
    isPlaceholder={false}
    isSelected={false}
    key="1"
    keyHandler={[Function]}
    onClick={[Function]}
    sendRef={[Function]}
    value={
      Object {
        "jobFunction": Object {
          "id": 2,
          "role": "Bb",
        },
        "toString": [Function],
      }
    }
  >
    Bb
  </SelectOption>
</Select>
`;
