// Jest Snapshot v1, https://goo.gl/fbAQLP

exports[`StateNoData Renders without crashing 1`] = `
<NoDataEmptyState
  description="Not data available to be shown here."
  title="No data available"
/>
`;
