// Jest Snapshot v1, https://goo.gl/fbAQLP

exports[`AppTable Renders without crashing 1`] = `
<div
  style={
    Object {
      "height": "250px",
      "width": "250px",
    }
  }
>
  <ChartDonut
    ariaDesc="risk-donut-chart"
    colorScale={
      Array [
        "#68b240",
        "#f0ab0b",
        "#cb440d",
        "#b8bbbe",
      ]
    }
    constrainToVisibleArea={true}
    data={
      Array [
        Object {
          "x": "Low",
          "y": 1,
        },
        Object {
          "x": "Medium",
          "y": 1,
        },
        Object {
          "x": "High",
          "y": 1,
        },
        Object {
          "x": "Unknown",
          "y": 2,
        },
      ]
    }
    innerRadius={50}
    labels={[Function]}
  />
</div>
`;
